type octile
height 40
width 40
map
.WWWWWWWWWWWWWW@WWWWWWWWWWWWWWWWWWWWWWWS
WWWWWWWWWWWWWWWWWWWW@@@@WWWWWWWWWWWWWWWW
WWWWWWWW@@@@WWWWWWWWWWWWWWWWWWWWWWWWWWWW
WWWWWWWWWWWWWWWWWWW@@@@WWWWW@WWWWWWWWWWW
WWWWWWWWWWWWWWWWWWWWWWWWWWWWWWWWWWWWWWWW
WWW@T@.@WWWWWTWWWWWWWW@@@@WWWWWWWWWWWWWW
WWWWWWWWWWWWWWWWWWWWWWWWWWWWWWWWWWWWWWWW
WWWWWWWWWWWWWWWWWWWWWWWWW@WW@WWW@@@@WWWW
WWWWWWWWWWWWWWWWWWWWWWW@WWWW@WWWWWWWWWWW
WWWWWWWWWWWWWWWSSSSWWWW@WW@WWWWWWWW@@@@W
WWWWWWWWWWWWWWWWWWWWWWW@WWWWWWWWWWWWWWWW
WWSSS@..WWWWWWWWWWWWWW@WWWWWWWWWWWWWWWWW
WWWWWWWWWWWWWW@@@@WWWW@TWWWWWWWWWWWWWWWW
WWWWWWWWWWWWWWWWWWWWWWWTTTWWWWTWWWWWWWWW
@@@@@@@.@WWWWWW@WWWWWWWWWWWWWWWWWWWWWWWW
WWWWWWWWWWWWWWWWWWWWWWWSSSSWWWWWWWWWWWWW
WWWWWWWTWWWWWWWWWWWWWWWWWWWWWWTWWWWWWWWW
WWW@WWWWWWWWWSWWWW@WWWWWWWWWWWWWWWWWWWWW
WWWWWWW@WWWWWWWWWW.WWWWWWWWW@@@WWWWWWWWW
WWWWWWWWWWWWWWWWWW@WWWWWWWWWWWWWWWWWWWWW
WWWWWWWWWWWWWWWWWW.WSSSSWWWWSSSS@@@@....
WWWWWTWWWWWWWWWWWWWWSSSSWWWWSSSS@@@@....
WWWWWWW@WWWWWWWWWWWWSSSSWWWWSSSS@@@@....
WWWWW.WWWWWWWWWWWWWW....................
WWWWWWWWWW.WWWWWW.WW....................
WWWWWWWWWWWWWWWWWWWW....................
WWWWWWWTTTTTTTTTTWWW....................
WWWWSSSSSSSSSSSS@@@@....................
WWWWSSSSSSSSSSSS@@@@....................
WWWWSSSSSSSSSSSS@@@@....................
WWWWWW@@@@WWWWW@@@@WWWWWWWWWWWWWWWWWWWWW
WWWW@@@@@@@@WWWWWWWWSSSSWWWWSSSS@@@@....
WWWWWWWWWWWWWWWWWWWWSSSSWWWWSSSS@@@@....
TTTTS@.T@@S@.WWW@WWWSSSSWWWWSSSS@@@@....
WWWWWW@@@WW@WWWWWWWW....................
@@@@@@@@@@@@@@@@WWWW....................
WWWWWWWWWWWWWWWWWWWW....................
@@@@@WWWW@@WWWWWWWWW....................
WWWWSSSSSSSSSSSS@@@@....................
WWWWSSSSSSSSSSSS@@@@....................